
── EXPORT ──
  › Preparing direct FSx export DRA
2026-06-15 01:42:53,329 INFO Found credentials in shared credentials file: ~/.aws/credentials
  · Attached export DRA dra-0d18163976fdef708 at 
/fsx/analysis_results/ubuntu/hg003_ilmn30x_pg_prior_1004_20260614T220039Z/
2026-06-15 01:46:00,014 INFO Task task-0e9dd78acd790ba15 status: PENDING
2026-06-15 01:46:30,309 INFO Task task-0e9dd78acd790ba15 status: EXECUTING
2026-06-15 01:47:00,551 INFO Task task-0e9dd78acd790ba15 status: EXECUTING
2026-06-15 01:47:31,185 INFO Task task-0e9dd78acd790ba15 status: EXECUTING
2026-06-15 01:48:01,496 INFO Task task-0e9dd78acd790ba15 status: SUCCEEDED
2026-06-15 01:48:32,754 INFO Wrote export status to /Users/jmajor/projects/lsmc/daylily-omics-analysis/docs/plans/20260615T081948Z_smn12_full_depth_chip124/exports/ubuntu_hg003_ilmn30x_pg_prior_1004_20260614T220039Z/fsx_export.yaml

╭────────────────────────────── Export complete ───────────────────────────────╮
│                                                                              │
│  Cluster: dyecX4                                                             │
│  FSx: fs-04960a3a07c091cf3                                                   │
│  Source:                                                                     │
│  /analysis_results/ubuntu/hg003_ilmn30x_pg_prior_1004_20260614T220039Z/      │
│  S3:                                                                         │
│  s3://lsmc-ssf-sequencing-data/derived/analysis_results/hyb-only/ubuntu/hg0  │
│  03_ilmn30x_pg_prior_1004_20260614T220039Z/                                  │
│  Status file:                                                                │
│  /Users/jmajor/projects/lsmc/daylily-omics-analysis/docs/plans/20260615T081  │
│  948Z_smn12_full_depth_chip124/exports/ubuntu_hg003_ilmn30x_pg_prior_1004_2  │
│  0260614T220039Z/fsx_export.yaml                                             │
│                                                                              │
╰──────────────────────────────────────────────────────────────────────────────╯
