
── EXPORT ──
  › Preparing direct FSx export DRA
2026-06-15 01:48:33,030 INFO Found credentials in shared credentials file: ~/.aws/credentials
  · Attached export DRA dra-0bd20852db6dbe62f at 
/fsx/analysis_results/ubuntu/hg003_ilmn30x_linear_sentd_1004_20260615T034314Z/
2026-06-15 01:51:40,001 INFO Task task-03eaf2074073959fd status: PENDING
2026-06-15 01:52:10,355 INFO Task task-03eaf2074073959fd status: EXECUTING
2026-06-15 01:52:40,574 INFO Task task-03eaf2074073959fd status: EXECUTING
2026-06-15 01:53:10,834 INFO Task task-03eaf2074073959fd status: SUCCEEDED
2026-06-15 01:53:27,061 INFO Wrote export status to /Users/jmajor/projects/lsmc/daylily-omics-analysis/docs/plans/20260615T081948Z_smn12_full_depth_chip124/exports/ubuntu_hg003_ilmn30x_linear_sentd_1004_20260615T034314Z/fsx_export.yaml

╭────────────────────────────── Export complete ───────────────────────────────╮
│                                                                              │
│  Cluster: dyecX4                                                             │
│  FSx: fs-04960a3a07c091cf3                                                   │
│  Source:                                                                     │
│  /analysis_results/ubuntu/hg003_ilmn30x_linear_sentd_1004_20260615T034314Z/  │
│  S3:                                                                         │
│  s3://lsmc-ssf-sequencing-data/derived/analysis_results/hyb-only/ubuntu/hg0  │
│  03_ilmn30x_linear_sentd_1004_20260615T034314Z/                              │
│  Status file:                                                                │
│  /Users/jmajor/projects/lsmc/daylily-omics-analysis/docs/plans/20260615T081  │
│  948Z_smn12_full_depth_chip124/exports/ubuntu_hg003_ilmn30x_linear_sentd_10  │
│  04_20260615T034314Z/fsx_export.yaml                                         │
│                                                                              │
╰──────────────────────────────────────────────────────────────────────────────╯
